// Jest Snapshot v1, https://goo.gl/fbAQLP

exports[`<BookListItem /> Should render and match the snapshot 1`] = `
<div
  class="MuiPaper-root MuiCard-root MuiPaper-elevation1 MuiPaper-rounded"
>
  <div
    class="MuiCardContent-root"
  >
    <h2
      class="MuiTypography-root MuiTypography-h5"
    >
      1984
    </h2>
    <p
      class="MuiTypography-root MuiTypography-body1 MuiTypography-colorTextSecondary"
    >
      George Orwell
    </p>
    <span
      class="MuiTypography-root MuiTypography-caption MuiTypography-gutterBottom MuiTypography-displayBlock"
    >
      9780451524935
    </span>
    <p
      class="MuiTypography-root MuiTypography-body2"
    >
      Written more than 70 years ago, 1984 was George Orwellâ€™s chilling prophecy about the future. And while 1984 has come and gone, his dystopian vision of a government that will do anything to control the narrative is timelier than ever...
    </p>
  </div>
  <div
    class="MuiCardActions-root MuiCardActions-spacing"
  >
    <button
      class="MuiButtonBase-root MuiButton-root MuiButton-text MuiButton-textSizeSmall MuiButton-sizeSmall"
      tabindex="0"
      type="button"
    >
      <span
        class="MuiButton-label"
      >
        Checkout
      </span>
      <span
        class="MuiTouchRipple-root"
      />
    </button>
  </div>
</div>
`;
