// Jest Snapshot v1, https://goo.gl/fbAQLP

exports[`<BookList /> Should render and match the snapshot 1`] = `null`;
