// Jest Snapshot v1, https://goo.gl/fbAQLP

exports[`<HomePage /> should render books and match the snapshot 1`] = `
<ul>
  <li>
    The Adventures of Foo Bar
  </li>
</ul>
`;
